time="2026-09-16T17:30:06Z" level=warning msg="The \"SUPABASE_URL\" variable is not set. Defaulting to a blank string."
time="2026-09-16T17:30:06Z" level=warning msg="The \"SUPABASE_ANON_KEY\" variable is not set. Defaulting to a blank string."
time="2026-09-16T17:30:06Z" level=warning msg="The \"SUPABASE_SERVICE_ROLE_KEY\" variable is not set. Defaulting to a blank string."
time="2026-09-16T17:30:06Z" level=warning msg="The \"DATABASE_ENCRYPTION_KEY\" variable is not set. Defaulting to a blank string."
time="2026-09-16T17:30:06Z" level=warning msg="The \"SUPABASE_URL\" variable is not set. Defaulting to a blank string."
time="2026-09-16T17:30:06Z" level=warning msg="The \"SUPABASE_ANON_KEY\" variable is not set. Defaulting to a blank string."
time="2026-09-16T17:30:06Z" level=warning msg="The \"SUPABASE_SERVICE_ROLE_KEY\" variable is not set. Defaulting to a blank string."
angel-rules  | Category: c2 - 1 rules
angel-rules  |   [100] Lab C2 Beacon: *
angel-rules  | Category: exploit - 1 rules
angel-rules  |   [90] Lab Exploit Detection: *
angel-rules  | Category: auth - 1 rules
angel-rules  |   [80] Lab Auth Bypass: *
angel-rules  | Category: network - 1 rules
angel-rules  |   [70] Lab Network Scan: *
angel-rules  | 
angel-rules  | Rules loaded successfully!
angel-rules  | 2026/09/16 16:52:17 Warning: .env file not found
angel-rules  | 2026/09/16 16:52:17 Warning: Supabase rules unavailable, loading local fallback: failed to execute request: Get "/rest/v1/rules?select=*&order=priority.desc": unsupported protocol scheme ""
angel-rules  | 2026/09/16 16:52:17 Loaded 10 rules from local file /app/data/rules.json
angel-rules  | 2026/09/16 16:52:17 Warning: .env file not found
angel-rules  | 2026/09/16 16:52:17 Warning: Supabase rules unavailable, loading local fallback: failed to execute request: Get "/rest/v1/rules?select=*&order=priority.desc": unsupported protocol scheme ""
angel-rules  | 2026/09/16 16:52:17 Loaded 10 rules from local file /app/data/rules.json
angel-rules  | Category: c2 - 1 rules
angel-rules  |   [100] Lab C2 Beacon: *
angel-rules  | Category: exploit - 1 rules
angel-rules  |   [90] Lab Exploit Detection: *
angel-rules  | Category: auth - 1 rules
angel-rules  |   [80] Lab Auth Bypass: *
angel-rules  | Category: network - 1 rules
angel-rules  |   [70] Lab Network Scan: *
angel-rules  | 
angel-rules  | Rules loaded successfully!
angel-rules  | 2026/09/16 16:52:19 Warning: .env file not found
angel-rules  | 2026/09/16 16:52:19 Warning: Supabase rules unavailable, loading local fallback: failed to execute request: Get "/rest/v1/rules?select=*&order=priority.desc": unsupported protocol scheme ""
angel-rules  | 2026/09/16 16:52:19 Loaded 10 rules from local file /app/data/rules.json
angel-rules  | Category: c2 - 1 rules
angel-rules  |   [100] Lab C2 Beacon: *
angel-rules  | Category: exploit - 1 rules
angel-rules  |   [90] Lab Exploit Detection: *
angel-rules  | Category: auth - 1 rules
angel-rules  |   [80] Lab Auth Bypass: *
angel-rules  | Category: network - 1 rules
angel-rules  |   [70] Lab Network Scan: *
angel-rules  | 
angel-rules  | Rules loaded successfully!
angel-rules  | 2026/09/16 16:52:20 Warning: .env file not found
angel-rules  | 2026/09/16 16:52:20 Warning: Supabase rules unavailable, loading local fallback: failed to execute request: Get "/rest/v1/rules?select=*&order=priority.desc": unsupported protocol scheme ""
angel-rules  | Category: c2 - 1 rules
angel-rules  | 2026/09/16 16:52:20 Loaded 10 rules from local file /app/data/rules.json
angel-rules  |   [100] Lab C2 Beacon: *
angel-rules  | Category: exploit - 1 rules
angel-rules  |   [90] Lab Exploit Detection: *
angel-rules  | Category: auth - 1 rules
angel-rules  |   [80] Lab Auth Bypass: *
angel-rules  | Category: network - 1 rules
angel-rules  |   [70] Lab Network Scan: *
angel-rules  | 
angel-rules  | Rules loaded successfully!
angel-rules  | 2026/09/16 16:52:21 Warning: .env file not found
angel-rules  | 2026/09/16 16:52:21 Warning: Supabase rules unavailable, loading local fallback: failed to execute request: Get "/rest/v1/rules?select=*&order=priority.desc": unsupported protocol scheme ""
angel-rules  | Category: c2 - 1 rules
angel-rules  |   [100] Lab C2 Beacon: *
angel-rules  | Category: exploit - 1 rules
angel-rules  |   [90] Lab Exploit Detection: *
angel-rules  | Category: auth - 1 rules
angel-rules  |   [80] Lab Auth Bypass: *
angel-rules  | Category: network - 1 rules
angel-rules  |   [70] Lab Network Scan: *
angel-rules  | 
angel-rules  | Rules loaded successfully!
angel-rules  | 2026/09/16 16:52:21 Loaded 10 rules from local file /app/data/rules.json
angel-rules  | 2026/09/16 16:52:23 Warning: .env file not found
angel-rules  | 2026/09/16 16:52:23 Warning: Supabase rules unavailable, loading local fallback: failed to execute request: Get "/rest/v1/rules?select=*&order=priority.desc": unsupported protocol scheme ""
angel-rules  | 2026/09/16 16:52:23 Loaded 10 rules from local file /app/data/rules.json
angel-rules  | Category: c2 - 1 rules
angel-rules  |   [100] Lab C2 Beacon: *
angel-rules  | Category: exploit - 1 rules
angel-rules  |   [90] Lab Exploit Detection: *
angel-rules  | Category: auth - 1 rules
angel-rules  |   [80] Lab Auth Bypass: *
angel-rules  | Category: network - 1 rules
angel-rules  |   [70] Lab Network Scan: *
angel-rules  | 
angel-rules  | Rules loaded successfully!
angel-rules  | 2026/09/16 16:52:26 Warning: .env file not found
angel-rules  | 2026/09/16 16:52:26 Warning: Supabase rules unavailable, loading local fallback: failed to execute request: Get "/rest/v1/rules?select=*&order=priority.desc": unsupported protocol scheme ""
angel-rules  | 2026/09/16 16:52:26 Loaded 10 rules from local file /app/data/rules.json
angel-rules  | Category: c2 - 1 rules
angel-rules  |   [100] Lab C2 Beacon: *
angel-rules  | Category: exploit - 1 rules
angel-rules  |   [90] Lab Exploit Detection: *
angel-rules  | Category: auth - 1 rules
angel-rules  |   [80] Lab Auth Bypass: *
angel-rules  | Category: network - 1 rules
angel-rules  |   [70] Lab Network Scan: *
angel-rules  | 
angel-rules  | Rules loaded successfully!
angel-rules  | 2026/09/16 16:52:33 Warning: .env file not found
angel-rules  | 2026/09/16 16:52:33 Warning: Supabase rules unavailable, loading local fallback: failed to execute request: Get "/rest/v1/rules?select=*&order=priority.desc": unsupported protocol scheme ""
angel-rules  | 2026/09/16 16:52:33 Loaded 10 rules from local file /app/data/rules.json
angel-rules  | Category: c2 - 1 rules
angel-rules  |   [100] Lab C2 Beacon: *
angel-rules  | Category: exploit - 1 rules
angel-rules  |   [90] Lab Exploit Detection: *
angel-rules  | Category: auth - 1 rules
angel-rules  |   [80] Lab Auth Bypass: *
angel-rules  | Category: network - 1 rules
angel-rules  |   [70] Lab Network Scan: *
angel-rules  | 
angel-rules  | Rules loaded successfully!
angel-rules  | Category: c2 - 1 rules
angel-rules  |   [100] Lab C2 Beacon: *
angel-rules  | Category: exploit - 1 rules
angel-rules  |   [90] Lab Exploit Detection: *
angel-rules  | Category: auth - 1 rules
angel-rules  |   [80] Lab Auth Bypass: *
angel-rules  | Category: network - 1 rules
angel-rules  |   [70] Lab Network Scan: *
angel-rules  | 
angel-rules  | Rules loaded successfully!
angel-rules  | 2026/09/16 16:52:46 Warning: .env file not found
angel-rules  | 2026/09/16 16:52:46 Warning: Supabase rules unavailable, loading local fallback: failed to execute request: Get "/rest/v1/rules?select=*&order=priority.desc": unsupported protocol scheme ""
angel-rules  | 2026/09/16 16:52:46 Loaded 10 rules from local file /app/data/rules.json
angel-rules  | 2026/09/16 16:53:12 Warning: .env file not found
angel-rules  | 2026/09/16 16:53:12 Warning: Supabase rules unavailable, loading local fallback: failed to execute request: Get "/rest/v1/rules?select=*&order=priority.desc": unsupported protocol scheme ""
angel-rules  | 2026/09/16 16:53:12 Loaded 10 rules from local file /app/data/rules.json
angel-rules  | Category: c2 - 1 rules
angel-rules  |   [100] Lab C2 Beacon: *
angel-rules  | Category: exploit - 1 rules
angel-rules  |   [90] Lab Exploit Detection: *
angel-rules  | Category: auth - 1 rules
angel-rules  |   [80] Lab Auth Bypass: *
angel-rules  | Category: network - 1 rules
angel-rules  |   [70] Lab Network Scan: *
angel-rules  | 
angel-rules  | Rules loaded successfully!
angel-rules  | 2026/09/16 16:54:03 Warning: .env file not found
angel-rules  | 2026/09/16 16:54:03 Warning: Supabase rules unavailable, loading local fallback: failed to execute request: Get "/rest/v1/rules?select=*&order=priority.desc": unsupported protocol scheme ""
angel-rules  | 2026/09/16 16:54:03 Loaded 10 rules from local file /app/data/rules.json
angel-rules  | Category: c2 - 1 rules
angel-rules  |   [100] Lab C2 Beacon: *
angel-rules  | Category: exploit - 1 rules
angel-rules  |   [90] Lab Exploit Detection: *
angel-rules  | Category: auth - 1 rules
angel-rules  |   [80] Lab Auth Bypass: *
angel-rules  | Category: network - 1 rules
angel-rules  |   [70] Lab Network Scan: *
angel-rules  | 
angel-rules  | Rules loaded successfully!
angel-rules  | 2026/09/16 16:55:03 Warning: .env file not found
angel-rules  | 2026/09/16 16:55:03 Warning: Supabase rules unavailable, loading local fallback: failed to execute request: Get "/rest/v1/rules?select=*&order=priority.desc": unsupported protocol scheme ""
angel-rules  | 2026/09/16 16:55:03 Loaded 10 rules from local file /app/data/rules.json
angel-rules  | Category: c2 - 1 rules
angel-rules  |   [100] Lab C2 Beacon: *
angel-rules  | Category: exploit - 1 rules
angel-rules  |   [90] Lab Exploit Detection: *
angel-rules  | Category: auth - 1 rules
angel-rules  |   [80] Lab Auth Bypass: *
angel-rules  | Category: network - 1 rules
angel-rules  |   [70] Lab Network Scan: *
angel-rules  | 
angel-rules  | Rules loaded successfully!
angel-rules  | 2026/09/16 16:56:04 Warning: .env file not found
angel-rules  | 2026/09/16 16:56:04 Warning: Supabase rules unavailable, loading local fallback: failed to execute request: Get "/rest/v1/rules?select=*&order=priority.desc": unsupported protocol scheme ""
angel-rules  | Category: c2 - 1 rules
angel-rules  |   [100] Lab C2 Beacon: *
angel-rules  | 2026/09/16 16:56:04 Loaded 10 rules from local file /app/data/rules.json
angel-rules  | Category: exploit - 1 rules
angel-rules  |   [90] Lab Exploit Detection: *
angel-rules  | Category: auth - 1 rules
angel-rules  |   [80] Lab Auth Bypass: *
angel-rules  | Category: network - 1 rules
angel-rules  |   [70] Lab Network Scan: *
angel-rules  | 
angel-rules  | Rules loaded successfully!
angel-rules  | 2026/09/16 16:57:04 Warning: .env file not found
angel-rules  | 2026/09/16 16:57:04 Warning: Supabase rules unavailable, loading local fallback: failed to execute request: Get "/rest/v1/rules?select=*&order=priority.desc": unsupported protocol scheme ""
angel-rules  | 2026/09/16 16:57:04 Loaded 10 rules from local file /app/data/rules.json
angel-rules  | Category: c2 - 1 rules
angel-rules  |   [100] Lab C2 Beacon: *
angel-rules  | Category: exploit - 1 rules
angel-rules  |   [90] Lab Exploit Detection: *
angel-rules  | Category: auth - 1 rules
angel-rules  |   [80] Lab Auth Bypass: *
angel-rules  | Category: network - 1 rules
angel-rules  |   [70] Lab Network Scan: *
angel-rules  | 
angel-rules  | Rules loaded successfully!
angel-rules  | 2026/09/16 16:58:04 Warning: .env file not found
angel-rules  | 2026/09/16 16:58:04 Warning: Supabase rules unavailable, loading local fallback: failed to execute request: Get "/rest/v1/rules?select=*&order=priority.desc": unsupported protocol scheme ""
angel-rules  | Category: c2 - 1 rules
angel-rules  |   [100] Lab C2 Beacon: *
angel-rules  | Category: exploit - 1 rules
angel-rules  |   [90] Lab Exploit Detection: *
angel-rules  | 2026/09/16 16:58:04 Loaded 10 rules from local file /app/data/rules.json
angel-rules  | Category: auth - 1 rules
angel-rules  |   [80] Lab Auth Bypass: *
angel-rules  | Category: network - 1 rules
angel-rules  |   [70] Lab Network Scan: *
angel-rules  | 
angel-rules  | Rules loaded successfully!
angel-rules  | 2026/09/16 16:59:04 Warning: .env file not found
angel-rules  | 2026/09/16 16:59:04 Warning: Supabase rules unavailable, loading local fallback: failed to execute request: Get "/rest/v1/rules?select=*&order=priority.desc": unsupported protocol scheme ""
angel-rules  | Category: c2 - 1 rules
angel-rules  | 2026/09/16 16:59:04 Loaded 10 rules from local file /app/data/rules.json
angel-rules  |   [100] Lab C2 Beacon: *
angel-rules  | Category: exploit - 1 rules
angel-rules  |   [90] Lab Exploit Detection: *
angel-rules  | Category: auth - 1 rules
angel-rules  |   [80] Lab Auth Bypass: *
angel-rules  | Category: network - 1 rules
angel-rules  |   [70] Lab Network Scan: *
angel-rules  | 
angel-rules  | Rules loaded successfully!
angel-rules  | 2026/09/16 17:00:04 Warning: .env file not found
angel-rules  | 2026/09/16 17:00:04 Warning: Supabase rules unavailable, loading local fallback: failed to execute request: Get "/rest/v1/rules?select=*&order=priority.desc": unsupported protocol scheme ""
angel-rules  | 2026/09/16 17:00:04 Loaded 10 rules from local file /app/data/rules.json
angel-rules  | Category: c2 - 1 rules
angel-rules  |   [100] Lab C2 Beacon: *
angel-rules  | Category: exploit - 1 rules
angel-rules  |   [90] Lab Exploit Detection: *
angel-rules  | Category: auth - 1 rules
angel-rules  |   [80] Lab Auth Bypass: *
angel-rules  | Category: network - 1 rules
angel-rules  |   [70] Lab Network Scan: *
angel-rules  | 
angel-rules  | Rules loaded successfully!
angel-rules  | 2026/09/16 17:01:04 Warning: .env file not found
angel-rules  | 2026/09/16 17:01:04 Warning: Supabase rules unavailable, loading local fallback: failed to execute request: Get "/rest/v1/rules?select=*&order=priority.desc": unsupported protocol scheme ""
angel-rules  | 2026/09/16 17:01:04 Loaded 10 rules from local file /app/data/rules.json
angel-rules  | Category: c2 - 1 rules
angel-rules  |   [100] Lab C2 Beacon: *
angel-rules  | Category: exploit - 1 rules
angel-rules  |   [90] Lab Exploit Detection: *
angel-rules  | Category: auth - 1 rules
angel-rules  |   [80] Lab Auth Bypass: *
angel-rules  | Category: network - 1 rules
angel-rules  |   [70] Lab Network Scan: *
angel-rules  | 
angel-rules  | Rules loaded successfully!
angel-rules  | 2026/09/16 17:02:05 Warning: .env file not found
angel-rules  | 2026/09/16 17:02:05 Warning: Supabase rules unavailable, loading local fallback: failed to execute request: Get "/rest/v1/rules?select=*&order=priority.desc": unsupported protocol scheme ""
angel-rules  | Category: c2 - 1 rules
angel-rules  |   [100] Lab C2 Beacon: *
angel-rules  | Category: exploit - 1 rules
angel-rules  |   [90] Lab Exploit Detection: *
angel-rules  | Category: auth - 1 rules
angel-rules  |   [80] Lab Auth Bypass: *
angel-rules  | 2026/09/16 17:02:05 Loaded 10 rules from local file /app/data/rules.json
angel-rules  | Category: network - 1 rules
angel-rules  |   [70] Lab Network Scan: *
angel-rules  | 
angel-rules  | Rules loaded successfully!
angel-rules  | 2026/09/16 17:03:05 Warning: .env file not found
angel-rules  | 2026/09/16 17:03:05 Warning: Supabase rules unavailable, loading local fallback: failed to execute request: Get "/rest/v1/rules?select=*&order=priority.desc": unsupported protocol scheme ""
angel-rules  | 2026/09/16 17:03:05 Loaded 10 rules from local file /app/data/rules.json
angel-rules  | Category: c2 - 1 rules
angel-rules  |   [100] Lab C2 Beacon: *
angel-rules  | Category: exploit - 1 rules
angel-rules  |   [90] Lab Exploit Detection: *
angel-rules  | Category: auth - 1 rules
angel-rules  |   [80] Lab Auth Bypass: *
angel-rules  | Category: network - 1 rules
angel-rules  |   [70] Lab Network Scan: *
angel-rules  | 
angel-rules  | Rules loaded successfully!
angel-rules  | 2026/09/16 17:04:05 Warning: .env file not found
angel-rules  | 2026/09/16 17:04:05 Warning: Supabase rules unavailable, loading local fallback: failed to execute request: Get "/rest/v1/rules?select=*&order=priority.desc": unsupported protocol scheme ""
angel-rules  | 2026/09/16 17:04:05 Loaded 10 rules from local file /app/data/rules.json
angel-rules  | Category: c2 - 1 rules
angel-rules  |   [100] Lab C2 Beacon: *
angel-rules  | Category: exploit - 1 rules
angel-rules  |   [90] Lab Exploit Detection: *
angel-rules  | Category: auth - 1 rules
angel-rules  |   [80] Lab Auth Bypass: *
angel-rules  | Category: network - 1 rules
angel-rules  |   [70] Lab Network Scan: *
angel-rules  | 
angel-rules  | Rules loaded successfully!
angel-rules  | 2026/09/16 17:05:05 Warning: .env file not found
angel-rules  | 2026/09/16 17:05:05 Warning: Supabase rules unavailable, loading local fallback: failed to execute request: Get "/rest/v1/rules?select=*&order=priority.desc": unsupported protocol scheme ""
angel-rules  | 2026/09/16 17:05:05 Loaded 10 rules from local file /app/data/rules.json
angel-rules  | Category: c2 - 1 rules
angel-rules  |   [100] Lab C2 Beacon: *
angel-rules  | Category: exploit - 1 rules
angel-rules  |   [90] Lab Exploit Detection: *
angel-rules  | Category: auth - 1 rules
angel-rules  |   [80] Lab Auth Bypass: *
angel-rules  | Category: network - 1 rules
angel-rules  |   [70] Lab Network Scan: *
angel-rules  | 
angel-rules  | Rules loaded successfully!
angel-rules  | 2026/09/16 17:06:05 Warning: .env file not found
angel-rules  | 2026/09/16 17:06:05 Warning: Supabase rules unavailable, loading local fallback: failed to execute request: Get "/rest/v1/rules?select=*&order=priority.desc": unsupported protocol scheme ""
angel-rules  | 2026/09/16 17:06:05 Loaded 10 rules from local file /app/data/rules.json
angel-rules  | Category: c2 - 1 rules
angel-rules  |   [100] Lab C2 Beacon: *
angel-rules  | Category: exploit - 1 rules
angel-rules  |   [90] Lab Exploit Detection: *
angel-rules  | Category: auth - 1 rules
angel-rules  |   [80] Lab Auth Bypass: *
angel-rules  | Category: network - 1 rules
angel-rules  |   [70] Lab Network Scan: *
angel-rules  | 
angel-rules  | Rules loaded successfully!
angel-rules  | 2026/09/16 17:07:05 Warning: .env file not found
angel-rules  | 2026/09/16 17:07:05 Warning: Supabase rules unavailable, loading local fallback: failed to execute request: Get "/rest/v1/rules?select=*&order=priority.desc": unsupported protocol scheme ""
angel-rules  | 2026/09/16 17:07:05 Loaded 10 rules from local file /app/data/rules.json
angel-rules  | Category: c2 - 1 rules
angel-rules  |   [100] Lab C2 Beacon: *
angel-rules  | Category: exploit - 1 rules
angel-rules  |   [90] Lab Exploit Detection: *
angel-rules  | Category: auth - 1 rules
angel-rules  |   [80] Lab Auth Bypass: *
angel-rules  | Category: network - 1 rules
angel-rules  |   [70] Lab Network Scan: *
angel-rules  | 
angel-rules  | Rules loaded successfully!
angel-rules  | 2026/09/16 17:08:06 Warning: .env file not found
angel-rules  | 2026/09/16 17:08:06 Warning: Supabase rules unavailable, loading local fallback: failed to execute request: Get "/rest/v1/rules?select=*&order=priority.desc": unsupported protocol scheme ""
angel-rules  | 2026/09/16 17:08:06 Loaded 10 rules from local file /app/data/rules.json
angel-rules  | Category: c2 - 1 rules
angel-rules  |   [100] Lab C2 Beacon: *
angel-rules  | Category: exploit - 1 rules
angel-rules  |   [90] Lab Exploit Detection: *
angel-rules  | Category: auth - 1 rules
angel-rules  |   [80] Lab Auth Bypass: *
angel-rules  | Category: network - 1 rules
angel-rules  |   [70] Lab Network Scan: *
angel-rules  | 
angel-rules  | Rules loaded successfully!
angel-rules  | 2026/09/16 17:09:06 Warning: .env file not found
angel-rules  | 2026/09/16 17:09:06 Warning: Supabase rules unavailable, loading local fallback: failed to execute request: Get "/rest/v1/rules?select=*&order=priority.desc": unsupported protocol scheme ""
angel-rules  | 2026/09/16 17:09:06 Loaded 10 rules from local file /app/data/rules.json
angel-rules  | Category: c2 - 1 rules
angel-rules  |   [100] Lab C2 Beacon: *
angel-rules  | Category: exploit - 1 rules
angel-rules  |   [90] Lab Exploit Detection: *
angel-rules  | Category: auth - 1 rules
angel-rules  |   [80] Lab Auth Bypass: *
angel-rules  | Category: network - 1 rules
angel-rules  |   [70] Lab Network Scan: *
angel-rules  | 
angel-rules  | Rules loaded successfully!
angel-rules  | 2026/09/16 17:10:06 Warning: .env file not found
angel-rules  | 2026/09/16 17:10:06 Warning: Supabase rules unavailable, loading local fallback: failed to execute request: Get "/rest/v1/rules?select=*&order=priority.desc": unsupported protocol scheme ""
angel-rules  | Category: c2 - 1 rules
angel-rules  |   [100] Lab C2 Beacon: *
angel-rules  | Category: exploit - 1 rules
angel-rules  |   [90] Lab Exploit Detection: *
angel-rules  | Category: auth - 1 rules
angel-rules  |   [80] Lab Auth Bypass: *
angel-rules  | Category: network - 1 rules
angel-rules  | 2026/09/16 17:10:06 Loaded 10 rules from local file /app/data/rules.json
angel-rules  |   [70] Lab Network Scan: *
angel-rules  | 
angel-rules  | Rules loaded successfully!
angel-rules  | 2026/09/16 17:11:06 Warning: .env file not found
angel-rules  | 2026/09/16 17:11:06 Warning: Supabase rules unavailable, loading local fallback: failed to execute request: Get "/rest/v1/rules?select=*&order=priority.desc": unsupported protocol scheme ""
angel-rules  | 2026/09/16 17:11:06 Loaded 10 rules from local file /app/data/rules.json
angel-rules  | Category: c2 - 1 rules
angel-rules  |   [100] Lab C2 Beacon: *
angel-rules  | Category: exploit - 1 rules
angel-rules  |   [90] Lab Exploit Detection: *
angel-rules  | Category: auth - 1 rules
angel-rules  |   [80] Lab Auth Bypass: *
angel-rules  | Category: network - 1 rules
angel-rules  |   [70] Lab Network Scan: *
angel-rules  | 
angel-rules  | Rules loaded successfully!
angel-rules  | 2026/09/16 17:12:06 Warning: .env file not found
angel-rules  | 2026/09/16 17:12:06 Warning: Supabase rules unavailable, loading local fallback: failed to execute request: Get "/rest/v1/rules?select=*&order=priority.desc": unsupported protocol scheme ""
angel-rules  | 2026/09/16 17:12:06 Loaded 10 rules from local file /app/data/rules.json
angel-rules  | Category: c2 - 1 rules
angel-rules  |   [100] Lab C2 Beacon: *
angel-rules  | Category: exploit - 1 rules
angel-rules  |   [90] Lab Exploit Detection: *
angel-rules  | Category: auth - 1 rules
angel-rules  |   [80] Lab Auth Bypass: *
angel-rules  | Category: network - 1 rules
angel-rules  |   [70] Lab Network Scan: *
angel-rules  | 
angel-rules  | Rules loaded successfully!
angel-rules  | 2026/09/16 17:13:07 Warning: .env file not found
angel-rules  | 2026/09/16 17:13:07 Warning: Supabase rules unavailable, loading local fallback: failed to execute request: Get "/rest/v1/rules?select=*&order=priority.desc": unsupported protocol scheme ""
angel-rules  | 2026/09/16 17:13:07 Loaded 10 rules from local file /app/data/rules.json
angel-rules  | Category: c2 - 1 rules
angel-rules  |   [100] Lab C2 Beacon: *
angel-rules  | Category: exploit - 1 rules
angel-rules  |   [90] Lab Exploit Detection: *
angel-rules  | Category: auth - 1 rules
angel-rules  |   [80] Lab Auth Bypass: *
angel-rules  | Category: network - 1 rules
angel-rules  |   [70] Lab Network Scan: *
angel-rules  | 
angel-rules  | Rules loaded successfully!
angel-rules  | 2026/09/16 17:14:07 Warning: .env file not found
angel-rules  | 2026/09/16 17:14:07 Warning: Supabase rules unavailable, loading local fallback: failed to execute request: Get "/rest/v1/rules?select=*&order=priority.desc": unsupported protocol scheme ""
angel-rules  | 2026/09/16 17:14:07 Loaded 10 rules from local file /app/data/rules.json
angel-rules  | Category: c2 - 1 rules
angel-rules  |   [100] Lab C2 Beacon: *
angel-rules  | Category: exploit - 1 rules
angel-rules  |   [90] Lab Exploit Detection: *
angel-rules  | Category: auth - 1 rules
angel-rules  |   [80] Lab Auth Bypass: *
angel-rules  | Category: network - 1 rules
angel-rules  |   [70] Lab Network Scan: *
angel-rules  | 
angel-rules  | Rules loaded successfully!
angel-rules  | 2026/09/16 17:15:07 Warning: .env file not found
angel-rules  | 2026/09/16 17:15:07 Warning: Supabase rules unavailable, loading local fallback: failed to execute request: Get "/rest/v1/rules?select=*&order=priority.desc": unsupported protocol scheme ""
angel-rules  | 2026/09/16 17:15:07 Loaded 10 rules from local file /app/data/rules.json
angel-rules  | Category: c2 - 1 rules
angel-rules  |   [100] Lab C2 Beacon: *
angel-rules  | Category: exploit - 1 rules
angel-rules  |   [90] Lab Exploit Detection: *
angel-rules  | Category: auth - 1 rules
angel-rules  |   [80] Lab Auth Bypass: *
angel-rules  | Category: network - 1 rules
angel-rules  |   [70] Lab Network Scan: *
angel-rules  | 
angel-rules  | Rules loaded successfully!
angel-rules  | 2026/09/16 17:16:07 Warning: .env file not found
angel-rules  | 2026/09/16 17:16:07 Warning: Supabase rules unavailable, loading local fallback: failed to execute request: Get "/rest/v1/rules?select=*&order=priority.desc": unsupported protocol scheme ""
angel-rules  | 2026/09/16 17:16:07 Loaded 10 rules from local file /app/data/rules.json
angel-rules  | Category: c2 - 1 rules
angel-rules  |   [100] Lab C2 Beacon: *
angel-rules  | Category: exploit - 1 rules
angel-rules  |   [90] Lab Exploit Detection: *
angel-rules  | Category: auth - 1 rules
angel-rules  |   [80] Lab Auth Bypass: *
angel-rules  | Category: network - 1 rules
angel-rules  |   [70] Lab Network Scan: *
angel-rules  | 
angel-rules  | Rules loaded successfully!
angel-rules  | 2026/09/16 17:17:07 Warning: .env file not found
angel-rules  | 2026/09/16 17:17:07 Warning: Supabase rules unavailable, loading local fallback: failed to execute request: Get "/rest/v1/rules?select=*&order=priority.desc": unsupported protocol scheme ""
angel-rules  | 2026/09/16 17:17:07 Loaded 10 rules from local file /app/data/rules.json
angel-rules  | Category: c2 - 1 rules
angel-rules  |   [100] Lab C2 Beacon: *
angel-rules  | Category: exploit - 1 rules
angel-rules  |   [90] Lab Exploit Detection: *
angel-rules  | Category: auth - 1 rules
angel-rules  |   [80] Lab Auth Bypass: *
angel-rules  | Category: network - 1 rules
angel-rules  |   [70] Lab Network Scan: *
angel-rules  | 
angel-rules  | Rules loaded successfully!
angel-rules  | 2026/09/16 17:18:07 Warning: .env file not found
angel-rules  | 2026/09/16 17:18:07 Warning: Supabase rules unavailable, loading local fallback: failed to execute request: Get "/rest/v1/rules?select=*&order=priority.desc": unsupported protocol scheme ""
angel-rules  | Category: c2 - 1 rules
angel-rules  |   [100] Lab C2 Beacon: *
angel-rules  | Category: exploit - 1 rules
angel-rules  |   [90] Lab Exploit Detection: *
angel-rules  | Category: auth - 1 rules
angel-rules  |   [80] Lab Auth Bypass: *
angel-rules  | 2026/09/16 17:18:07 Loaded 10 rules from local file /app/data/rules.json
angel-rules  | Category: network - 1 rules
angel-rules  |   [70] Lab Network Scan: *
angel-rules  | 
angel-rules  | Rules loaded successfully!
angel-rules  | 2026/09/16 17:19:08 Warning: .env file not found
angel-rules  | 2026/09/16 17:19:08 Warning: Supabase rules unavailable, loading local fallback: failed to execute request: Get "/rest/v1/rules?select=*&order=priority.desc": unsupported protocol scheme ""
angel-rules  | 2026/09/16 17:19:08 Loaded 10 rules from local file /app/data/rules.json
angel-rules  | Category: c2 - 1 rules
angel-rules  |   [100] Lab C2 Beacon: *
angel-rules  | Category: exploit - 1 rules
angel-rules  |   [90] Lab Exploit Detection: *
angel-rules  | Category: auth - 1 rules
angel-rules  |   [80] Lab Auth Bypass: *
angel-rules  | Category: network - 1 rules
angel-rules  |   [70] Lab Network Scan: *
angel-rules  | 
angel-rules  | Rules loaded successfully!
angel-rules  | 2026/09/16 17:20:08 Warning: .env file not found
angel-rules  | 2026/09/16 17:20:08 Warning: Supabase rules unavailable, loading local fallback: failed to execute request: Get "/rest/v1/rules?select=*&order=priority.desc": unsupported protocol scheme ""
angel-rules  | 2026/09/16 17:20:08 Loaded 10 rules from local file /app/data/rules.json
angel-rules  | Category: c2 - 1 rules
angel-rules  |   [100] Lab C2 Beacon: *
angel-rules  | Category: exploit - 1 rules
angel-rules  |   [90] Lab Exploit Detection: *
angel-rules  | Category: auth - 1 rules
angel-rules  |   [80] Lab Auth Bypass: *
angel-rules  | Category: network - 1 rules
angel-rules  |   [70] Lab Network Scan: *
angel-rules  | 
angel-rules  | Rules loaded successfully!
angel-rules  | Category: c2 - 1 rules
angel-rules  |   [100] Lab C2 Beacon: *
angel-rules  | Category: exploit - 1 rules
angel-rules  | 2026/09/16 17:21:08 Warning: .env file not found
angel-rules  | 2026/09/16 17:21:08 Warning: Supabase rules unavailable, loading local fallback: failed to execute request: Get "/rest/v1/rules?select=*&order=priority.desc": unsupported protocol scheme ""
angel-rules  | 2026/09/16 17:21:08 Loaded 10 rules from local file /app/data/rules.json
angel-rules  |   [90] Lab Exploit Detection: *
angel-rules  | Category: auth - 1 rules
angel-rules  |   [80] Lab Auth Bypass: *
angel-rules  | Category: network - 1 rules
angel-rules  |   [70] Lab Network Scan: *
angel-rules  | 
angel-rules  | Rules loaded successfully!
angel-rules  | 2026/09/16 17:22:08 Warning: .env file not found
angel-rules  | 2026/09/16 17:22:08 Warning: Supabase rules unavailable, loading local fallback: failed to execute request: Get "/rest/v1/rules?select=*&order=priority.desc": unsupported protocol scheme ""
angel-rules  | 2026/09/16 17:22:08 Loaded 10 rules from local file /app/data/rules.json
angel-rules  | Category: c2 - 1 rules
angel-rules  |   [100] Lab C2 Beacon: *
angel-rules  | Category: exploit - 1 rules
angel-rules  |   [90] Lab Exploit Detection: *
angel-rules  | Category: auth - 1 rules
angel-rules  |   [80] Lab Auth Bypass: *
angel-rules  | Category: network - 1 rules
angel-rules  |   [70] Lab Network Scan: *
angel-rules  | 
angel-rules  | Rules loaded successfully!
angel-rules  | 2026/09/16 17:23:08 Warning: .env file not found
angel-rules  | 2026/09/16 17:23:08 Warning: Supabase rules unavailable, loading local fallback: failed to execute request: Get "/rest/v1/rules?select=*&order=priority.desc": unsupported protocol scheme ""
angel-rules  | 2026/09/16 17:23:08 Loaded 10 rules from local file /app/data/rules.json
angel-rules  | Category: c2 - 1 rules
angel-rules  |   [100] Lab C2 Beacon: *
angel-rules  | Category: exploit - 1 rules
angel-rules  |   [90] Lab Exploit Detection: *
angel-rules  | Category: auth - 1 rules
angel-rules  |   [80] Lab Auth Bypass: *
angel-rules  | Category: network - 1 rules
angel-rules  |   [70] Lab Network Scan: *
angel-rules  | 
angel-rules  | Rules loaded successfully!
angel-rules  | 2026/09/16 17:24:09 Warning: .env file not found
angel-rules  | 2026/09/16 17:24:09 Warning: Supabase rules unavailable, loading local fallback: failed to execute request: Get "/rest/v1/rules?select=*&order=priority.desc": unsupported protocol scheme ""
angel-rules  | Category: c2 - 1 rules
angel-rules  |   [100] Lab C2 Beacon: *
angel-rules  | Category: exploit - 1 rules
angel-rules  |   [90] Lab Exploit Detection: *
angel-rules  | Category: auth - 1 rules
angel-rules  |   [80] Lab Auth Bypass: *
angel-rules  | Category: network - 1 rules
angel-rules  |   [70] Lab Network Scan: *
angel-rules  | 
angel-rules  | Rules loaded successfully!
angel-rules  | 2026/09/16 17:24:09 Loaded 10 rules from local file /app/data/rules.json
angel-rules  | 2026/09/16 17:25:09 Warning: .env file not found
angel-rules  | 2026/09/16 17:25:09 Warning: Supabase rules unavailable, loading local fallback: failed to execute request: Get "/rest/v1/rules?select=*&order=priority.desc": unsupported protocol scheme ""
angel-rules  | 2026/09/16 17:25:09 Loaded 10 rules from local file /app/data/rules.json
angel-rules  | Category: c2 - 1 rules
angel-rules  |   [100] Lab C2 Beacon: *
angel-rules  | Category: exploit - 1 rules
angel-rules  |   [90] Lab Exploit Detection: *
angel-rules  | Category: auth - 1 rules
angel-rules  |   [80] Lab Auth Bypass: *
angel-rules  | Category: network - 1 rules
angel-rules  |   [70] Lab Network Scan: *
angel-rules  | 
angel-rules  | Rules loaded successfully!
angel-rules  | 2026/09/16 17:26:09 Warning: .env file not found
angel-rules  | 2026/09/16 17:26:09 Warning: Supabase rules unavailable, loading local fallback: failed to execute request: Get "/rest/v1/rules?select=*&order=priority.desc": unsupported protocol scheme ""
angel-rules  | Category: c2 - 1 rules
angel-rules  |   [100] Lab C2 Beacon: *
angel-rules  | Category: exploit - 1 rules
angel-rules  |   [90] Lab Exploit Detection: *
angel-rules  | Category: auth - 1 rules
angel-rules  |   [80] Lab Auth Bypass: *
angel-rules  | Category: network - 1 rules
angel-rules  |   [70] Lab Network Scan: *
angel-rules  | 
angel-rules  | Rules loaded successfully!
angel-rules  | 2026/09/16 17:26:09 Loaded 10 rules from local file /app/data/rules.json
angel-rules  | 2026/09/16 17:27:09 Warning: .env file not found
angel-rules  | 2026/09/16 17:27:09 Warning: Supabase rules unavailable, loading local fallback: failed to execute request: Get "/rest/v1/rules?select=*&order=priority.desc": unsupported protocol scheme ""
angel-rules  | 2026/09/16 17:27:09 Loaded 10 rules from local file /app/data/rules.json
angel-rules  | Category: c2 - 1 rules
angel-rules  |   [100] Lab C2 Beacon: *
angel-rules  | Category: exploit - 1 rules
angel-rules  |   [90] Lab Exploit Detection: *
angel-rules  | Category: auth - 1 rules
angel-rules  |   [80] Lab Auth Bypass: *
angel-rules  | Category: network - 1 rules
angel-rules  |   [70] Lab Network Scan: *
angel-rules  | 
angel-rules  | Rules loaded successfully!
angel-rules  | 2026/09/16 17:28:09 Warning: .env file not found
angel-rules  | 2026/09/16 17:28:09 Warning: Supabase rules unavailable, loading local fallback: failed to execute request: Get "/rest/v1/rules?select=*&order=priority.desc": unsupported protocol scheme ""
angel-rules  | Category: c2 - 1 rules
angel-rules  |   [100] Lab C2 Beacon: *
angel-rules  | Category: exploit - 1 rules
angel-rules  |   [90] Lab Exploit Detection: *
angel-rules  | Category: auth - 1 rules
angel-rules  |   [80] Lab Auth Bypass: *
angel-rules  | 2026/09/16 17:28:09 Loaded 10 rules from local file /app/data/rules.json
angel-rules  | Category: network - 1 rules
angel-rules  |   [70] Lab Network Scan: *
angel-rules  | 
angel-rules  | Rules loaded successfully!
angel-rules  | 2026/09/16 17:29:10 Warning: .env file not found
angel-rules  | 2026/09/16 17:29:10 Warning: Supabase rules unavailable, loading local fallback: failed to execute request: Get "/rest/v1/rules?select=*&order=priority.desc": unsupported protocol scheme ""
angel-rules  | Category: c2 - 1 rules
angel-rules  | 2026/09/16 17:29:10 Loaded 10 rules from local file /app/data/rules.json
angel-rules  |   [100] Lab C2 Beacon: *
angel-rules  | Category: exploit - 1 rules
angel-rules  |   [90] Lab Exploit Detection: *
angel-rules  | Category: auth - 1 rules
angel-rules  |   [80] Lab Auth Bypass: *
angel-rules  | Category: network - 1 rules
angel-rules  |   [70] Lab Network Scan: *
angel-rules  | 
angel-rules  | Rules loaded successfully!
